// Jest Snapshot v1, https://goo.gl/fbAQLP

exports[`renders correctly with defaults 1`] = `
<View
  style={
    Object {
      "backgroundColor": "#96ccd5",
      "flex": 1,
      "padding": 20,
      "paddingTop": 50,
    }
  }
>
  <View
    style={
      Object {
        "backgroundColor": "#96ccd5",
        "borderRadius": 20,
        "flexDirection": "row",
        "height": 7,
        "marginVertical": 10,
        "maxWidth": "100%",
      }
    }
  >
    <View
      style={
        Object {
          "backgroundColor": "#ffffff",
          "borderRadius": 20,
          "width": "18%",
        }
      }
    />
    <View
      style={
        Object {
          "backgroundColor": "#5DABBA",
          "borderRadius": 20,
          "marginHorizontal": 5,
          "width": "18%",
        }
      }
    />
    <View
      style={
        Object {
          "backgroundColor": "#5DABBA",
          "borderRadius": 20,
          "marginHorizontal": 5,
          "width": "18%",
        }
      }
    />
    <View
      style={
        Object {
          "backgroundColor": "#5DABBA",
          "borderRadius": 20,
          "marginHorizontal": 5,
          "width": "18%",
        }
      }
    />
    <View
      style={
        Object {
          "backgroundColor": "#5DABBA",
          "borderRadius": 20,
          "marginHorizontal": 5,
          "width": "18%",
        }
      }
    />
  </View>
  <View
    style={
      Object {
        "flexDirection": "row",
        "height": 40,
        "justifyContent": "space-between",
        "marginVertical": 10,
      }
    }
  >
    <View
      style={
        Object {
          "alignSelf": "center",
        }
      }
    >
      <Text
        style={
          Object {
            "fontSize": 12,
            "textTransform": "uppercase",
          }
        }
      >
        Rescue Session: Anger and Frustration
      </Text>
    </View>
    <View
      accessible={true}
      focusable={true}
      onClick={[Function]}
      onResponderGrant={[Function]}
      onResponderMove={[Function]}
      onResponderRelease={[Function]}
      onResponderTerminate={[Function]}
      onResponderTerminationRequest={[Function]}
      onStartShouldSetResponder={[Function]}
      style={
        Object {
          "alignSelf": "center",
        }
      }
    >
      <Icon
        name="close"
        size={30}
      />
    </View>
  </View>
  <View
    style={Object {}}
  >
    <Text
      style={
        Object {
          "fontSize": 24,
          "fontWeight": "600",
        }
      }
    >
      Pick your level of anger and frustration?
    </Text>
  </View>
  <View
    style={
      Object {
        "alignItems": "center",
        "marginVertical": 20,
      }
    }
  >
    <View
      accessible={true}
      collapsable={false}
      focusable={true}
      nativeID="animatedComponent"
      onClick={[Function]}
      onResponderGrant={[Function]}
      onResponderMove={[Function]}
      onResponderRelease={[Function]}
      onResponderTerminate={[Function]}
      onResponderTerminationRequest={[Function]}
      onStartShouldSetResponder={[Function]}
      style={
        Object {
          "backgroundColor": "rgba(0, 0, 0, 0.08)",
          "borderBottomLeftRadius": 100,
          "borderBottomRightRadius": 100,
          "borderTopEndRadius": 50,
          "borderTopLeftRadius": 50,
          "height": 40,
          "opacity": 1,
          "width": 250,
        }
      }
    />
    <View
      accessible={true}
      collapsable={false}
      focusable={true}
      nativeID="animatedComponent"
      onClick={[Function]}
      onResponderGrant={[Function]}
      onResponderMove={[Function]}
      onResponderRelease={[Function]}
      onResponderTerminate={[Function]}
      onResponderTerminationRequest={[Function]}
      onStartShouldSetResponder={[Function]}
      style={
        Object {
          "backgroundColor": "rgba(0, 0, 0, 0.08)",
          "borderBottomLeftRadius": 100,
          "borderBottomRightRadius": 100,
          "borderTopEndRadius": 50,
          "borderTopLeftRadius": 50,
          "height": 40,
          "marginTop": 20,
          "opacity": 1,
          "width": 200,
        }
      }
    />
    <View
      accessible={true}
      collapsable={false}
      focusable={true}
      nativeID="animatedComponent"
      onClick={[Function]}
      onResponderGrant={[Function]}
      onResponderMove={[Function]}
      onResponderRelease={[Function]}
      onResponderTerminate={[Function]}
      onResponderTerminationRequest={[Function]}
      onStartShouldSetResponder={[Function]}
      style={
        Object {
          "backgroundColor": "rgba(0, 0, 0, 0.08)",
          "borderBottomLeftRadius": 100,
          "borderBottomRightRadius": 100,
          "borderTopEndRadius": 50,
          "borderTopLeftRadius": 50,
          "height": 40,
          "marginTop": 20,
          "opacity": 1,
          "width": 150,
        }
      }
    />
    <View
      accessible={true}
      collapsable={false}
      focusable={true}
      nativeID="animatedComponent"
      onClick={[Function]}
      onResponderGrant={[Function]}
      onResponderMove={[Function]}
      onResponderRelease={[Function]}
      onResponderTerminate={[Function]}
      onResponderTerminationRequest={[Function]}
      onStartShouldSetResponder={[Function]}
      style={
        Object {
          "backgroundColor": "rgba(0, 0, 0, 0.08)",
          "borderBottomLeftRadius": 100,
          "borderBottomRightRadius": 100,
          "borderTopEndRadius": 50,
          "borderTopLeftRadius": 50,
          "height": 40,
          "marginTop": 20,
          "opacity": 1,
          "width": 100,
        }
      }
    />
    <View
      accessible={true}
      collapsable={false}
      focusable={true}
      nativeID="animatedComponent"
      onClick={[Function]}
      onResponderGrant={[Function]}
      onResponderMove={[Function]}
      onResponderRelease={[Function]}
      onResponderTerminate={[Function]}
      onResponderTerminationRequest={[Function]}
      onStartShouldSetResponder={[Function]}
      style={
        Object {
          "backgroundColor": "#ffffff",
          "borderBottomEndRadius": 100,
          "borderBottomLeftRadius": 100,
          "borderBottomRightRadius": 100,
          "borderBottomStartRadius": 100,
          "borderTopEndRadius": 50,
          "borderTopLeftRadius": 50,
          "height": 40,
          "marginTop": 20,
          "opacity": 1,
          "width": 50,
        }
      }
    />
  </View>
  <View
    style={
      Object {
        "alignSelf": "center",
        "backgroundColor": "#ffffff",
        "borderRadius": 30,
        "bottom": 20,
        "left": 20,
        "marginVertical": 20,
        "position": "absolute",
        "right": 20,
      }
    }
  >
    <View
      accessibilityRole="button"
      accessible={true}
      collapsable={false}
      focusable={true}
      nativeID="animatedComponent"
      onClick={[Function]}
      onResponderGrant={[Function]}
      onResponderMove={[Function]}
      onResponderRelease={[Function]}
      onResponderTerminate={[Function]}
      onResponderTerminationRequest={[Function]}
      onStartShouldSetResponder={[Function]}
      style={
        Object {
          "opacity": 1,
        }
      }
    >
      <View
        style={
          Array [
            Object {},
          ]
        }
      >
        <Text
          style={
            Array [
              Object {
                "color": "#007AFF",
                "fontSize": 18,
                "margin": 8,
                "textAlign": "center",
              },
              Object {
                "color": "#000000",
              },
            ]
          }
        >
          Next
        </Text>
      </View>
    </View>
  </View>
</View>
`;
