// Jest Snapshot v1, https://goo.gl/fbAQLP

exports[`renders correctly with defaults 1`] = `
<View
  style={
    Object {
      "backgroundColor": "#96ccd5",
      "flex": 1,
      "padding": 20,
      "paddingTop": 50,
    }
  }
  testID="calendar"
>
  <View
    style={
      Object {
        "backgroundColor": "#96ccd5",
        "borderRadius": 20,
        "flexDirection": "row",
        "height": 7,
        "marginVertical": 10,
        "maxWidth": "100%",
      }
    }
  >
    <View
      style={
        Object {
          "backgroundColor": "#ffffff",
          "borderRadius": 20,
          "width": "18%",
        }
      }
    />
    <View
      style={
        Object {
          "backgroundColor": "#5DABBA",
          "borderRadius": 20,
          "marginHorizontal": 5,
          "width": "18%",
        }
      }
    />
    <View
      style={
        Object {
          "backgroundColor": "#5DABBA",
          "borderRadius": 20,
          "marginHorizontal": 5,
          "width": "18%",
        }
      }
    />
    <View
      style={
        Object {
          "backgroundColor": "#5DABBA",
          "borderRadius": 20,
          "marginHorizontal": 5,
          "width": "18%",
        }
      }
    />
    <View
      style={
        Object {
          "backgroundColor": "#5DABBA",
          "borderRadius": 20,
          "marginHorizontal": 5,
          "width": "18%",
        }
      }
    />
  </View>
  <View
    style={
      Object {
        "flexDirection": "row",
        "height": 40,
        "justifyContent": "space-between",
        "marginVertical": 10,
      }
    }
  >
    <View
      style={
        Object {
          "alignSelf": "center",
        }
      }
    >
      <Text
        style={
          Object {
            "fontSize": 12,
            "textTransform": "uppercase",
          }
        }
      >
        Rescue Session: Anger and Frustration
      </Text>
    </View>
    <View
      accessible={true}
      collapsable={false}
      focusable={true}
      nativeID="animatedComponent"
      onClick={[Function]}
      onResponderGrant={[Function]}
      onResponderMove={[Function]}
      onResponderRelease={[Function]}
      onResponderTerminate={[Function]}
      onResponderTerminationRequest={[Function]}
      onStartShouldSetResponder={[Function]}
      style={
        Object {
          "alignSelf": "center",
          "opacity": 1,
        }
      }
    >
      <Icon
        name="close"
        size={30}
      />
    </View>
  </View>
  <View
    style={Object {}}
  >
    <Text
      style={
        Object {
          "fontSize": 24,
          "fontWeight": "600",
        }
      }
    >
      Pick your level of anger and frustration?
    </Text>
  </View>
  <View
    style={
      Object {
        "alignItems": "center",
        "marginVertical": 20,
      }
    }
  >
    <View
      style={
        Object {
          "alignItems": "center",
          "borderColor": "#000000",
          "borderRadius": 100,
          "borderStyle": "dashed",
          "borderWidth": 2,
          "height": 200,
          "justifyContent": "center",
          "padding": 20,
          "width": 200,
        }
      }
    >
      <View
        style={
          Object {
            "alignItems": "center",
            "backgroundColor": "#5DABBA",
            "borderColor": "rgba(0, 0, 0, 0.08)",
            "borderRadius": 75,
            "borderTopWidth": 0,
            "height": 150,
            "justifyContent": "center",
            "padding": 20,
            "width": 150,
          }
        }
      >
        <ProgressCircle
          bgColor="red"
          borderWidth={8}
          color="#FFFFFF"
          percent={50}
          radius={50}
          shadowColor="#5DABBA"
        >
          <View
            style={
              Object {
                "alignItems": "center",
                "backgroundColor": "#6DA18F",
                "borderColor": "rgba(0, 0, 0, 0.08)",
                "borderRadius": 60,
                "borderWidth": 1,
                "height": 120,
                "justifyContent": "center",
                "padding": 20,
                "width": 120,
              }
            }
          >
            <Text
              style={
                Object {
                  "fontSize": 40,
                }
              }
            >
              5
            </Text>
          </View>
        </ProgressCircle>
      </View>
    </View>
  </View>
  <View
    style={
      Object {
        "marginVertical": 10,
      }
    }
  >
    <RNCSlider
      disabled={false}
      enabled={true}
      inverted={false}
      maximumTrackTintColor="#ffffff"
      maximumValue={10}
      minimumTrackTintColor="#5DABBA"
      minimumValue={0}
      onChange={[Function]}
      onRNCSliderSlidingComplete={null}
      onRNCSliderSlidingStart={null}
      onRNCSliderValueChange={[Function]}
      onResponderTerminationRequest={[Function]}
      onStartShouldSetResponder={[Function]}
      step={0}
      style={
        Object {
          "height": 40,
        }
      }
      tapToSeek={true}
      thumbImage={null}
      thumbTintColor="#5DABBA"
      value={5}
    />
  </View>
  <View
    style={
      Object {
        "alignSelf": "center",
        "backgroundColor": "#ffffff",
        "borderRadius": 30,
        "bottom": 20,
        "left": 20,
        "marginVertical": 20,
        "position": "absolute",
        "right": 20,
      }
    }
  >
    <View
      accessibilityRole="button"
      accessible={true}
      collapsable={false}
      focusable={true}
      nativeID="animatedComponent"
      onClick={[Function]}
      onResponderGrant={[Function]}
      onResponderMove={[Function]}
      onResponderRelease={[Function]}
      onResponderTerminate={[Function]}
      onResponderTerminationRequest={[Function]}
      onStartShouldSetResponder={[Function]}
      style={
        Object {
          "opacity": 1,
        }
      }
    >
      <View
        style={
          Array [
            Object {},
          ]
        }
      >
        <Text
          style={
            Array [
              Object {
                "color": "#007AFF",
                "fontSize": 18,
                "margin": 8,
                "textAlign": "center",
              },
              Object {
                "color": "#000000",
              },
            ]
          }
        >
          Next
        </Text>
      </View>
    </View>
  </View>
</View>
`;
